// Jest Snapshot v1, https://goo.gl/fbAQLP

exports[`test on PrimeraApp should component correctly 1`] = `
<Fragment>
  <h1>
    hola
     
  </h1>
  <p />
</Fragment>
`;
